Archive member included to satisfy reference by file (symbol)

../../target/thumbv7em-none-eabihf/release//libferrite_ffi.a(ferrite_ffi-b67230436546af3c.ferrite_ffi.ec52cb62cfb5bb37-cgu.1.rcgu.o)
                              build/main.o (ferrite_last_fault)
../../target/thumbv7em-none-eabihf/release//libferrite_ffi.a(ferrite_sdk-1b7e3b376f53f720.ferrite_sdk.56298e7a945a29db-cgu.0.rcgu.o)
                              ../../target/thumbv7em-none-eabihf/release//libferrite_ffi.a(ferrite_ffi-b67230436546af3c.ferrite_ffi.ec52cb62cfb5bb37-cgu.1.rcgu.o) (ferrite_sdk::sdk::is_initialized)
../../target/thumbv7em-none-eabihf/release//libferrite_ffi.a(bin/thumbv7em-none-eabihf.o)
                              ../../target/thumbv7em-none-eabihf/release//libferrite_ffi.a(ferrite_sdk-1b7e3b376f53f720.ferrite_sdk.56298e7a945a29db-cgu.0.rcgu.o) (__dsb)
../../target/thumbv7em-none-eabihf/release//libferrite_ffi.a(core-ca098e4d926fa7ef.core.6dcd32f20f643d2d-cgu.0.rcgu.o)
                              ../../target/thumbv7em-none-eabihf/release//libferrite_ffi.a(ferrite_sdk-1b7e3b376f53f720.ferrite_sdk.56298e7a945a29db-cgu.0.rcgu.o) (core::panicking::panic_fmt)
../../target/thumbv7em-none-eabihf/release//libferrite_ffi.a(compiler_builtins-e6acb5ff9d7ad716.compiler_builtins.89ae4299af4344f6-cgu.107.rcgu.o)
                              ../../target/thumbv7em-none-eabihf/release//libferrite_ffi.a(ferrite_ffi-b67230436546af3c.ferrite_ffi.ec52cb62cfb5bb37-cgu.1.rcgu.o) (memcmp)
../../target/thumbv7em-none-eabihf/release//libferrite_ffi.a(compiler_builtins-e6acb5ff9d7ad716.compiler_builtins.89ae4299af4344f6-cgu.135.rcgu.o)
                              ../../target/thumbv7em-none-eabihf/release//libferrite_ffi.a(ferrite_ffi-b67230436546af3c.ferrite_ffi.ec52cb62cfb5bb37-cgu.1.rcgu.o) (strlen)
../../target/thumbv7em-none-eabihf/release//libferrite_ffi.a(compiler_builtins-e6acb5ff9d7ad716.compiler_builtins.89ae4299af4344f6-cgu.164.rcgu.o)
                              ../../target/thumbv7em-none-eabihf/release//libferrite_ffi.a(ferrite_sdk-1b7e3b376f53f720.ferrite_sdk.56298e7a945a29db-cgu.0.rcgu.o) (__aeabi_memcpy)
../../target/thumbv7em-none-eabihf/release//libferrite_ffi.a(compiler_builtins-e6acb5ff9d7ad716.compiler_builtins.89ae4299af4344f6-cgu.173.rcgu.o)
                              ../../target/thumbv7em-none-eabihf/release//libferrite_ffi.a(core-ca098e4d926fa7ef.core.6dcd32f20f643d2d-cgu.0.rcgu.o) (__aeabi_ul2f)
../../target/thumbv7em-none-eabihf/release//libferrite_ffi.a(compiler_builtins-e6acb5ff9d7ad716.compiler_builtins.89ae4299af4344f6-cgu.194.rcgu.o)
                              ../../target/thumbv7em-none-eabihf/release//libferrite_ffi.a(ferrite_sdk-1b7e3b376f53f720.ferrite_sdk.56298e7a945a29db-cgu.0.rcgu.o) (__aeabi_memcpy4)
../../target/thumbv7em-none-eabihf/release//libferrite_ffi.a(compiler_builtins-e6acb5ff9d7ad716.compiler_builtins.89ae4299af4344f6-cgu.223.rcgu.o)
                              ../../target/thumbv7em-none-eabihf/release//libferrite_ffi.a(core-ca098e4d926fa7ef.core.6dcd32f20f643d2d-cgu.0.rcgu.o) (__aeabi_dcmplt)
../../target/thumbv7em-none-eabihf/release//libferrite_ffi.a(compiler_builtins-e6acb5ff9d7ad716.compiler_builtins.89ae4299af4344f6-cgu.249.rcgu.o)
                              ../../target/thumbv7em-none-eabihf/release//libferrite_ffi.a(core-ca098e4d926fa7ef.core.6dcd32f20f643d2d-cgu.0.rcgu.o) (__aeabi_ul2d)
../../target/thumbv7em-none-eabihf/release//libferrite_ffi.a(compiler_builtins-e6acb5ff9d7ad716.compiler_builtins.89ae4299af4344f6-cgu.292.rcgu.o)
                              ../../target/thumbv7em-none-eabihf/release//libferrite_ffi.a(core-ca098e4d926fa7ef.core.6dcd32f20f643d2d-cgu.0.rcgu.o) (__aeabi_dmul)
../../target/thumbv7em-none-eabihf/release//libferrite_ffi.a(compiler_builtins-e6acb5ff9d7ad716.compiler_builtins.89ae4299af4344f6-cgu.293.rcgu.o)
                              ../../target/thumbv7em-none-eabihf/release//libferrite_ffi.a(core-ca098e4d926fa7ef.core.6dcd32f20f643d2d-cgu.0.rcgu.o) (__aeabi_dcmpeq)
../../target/thumbv7em-none-eabihf/release//libferrite_ffi.a(compiler_builtins-e6acb5ff9d7ad716.compiler_builtins.89ae4299af4344f6-cgu.300.rcgu.o)
                              ../../target/thumbv7em-none-eabihf/release//libferrite_ffi.a(core-ca098e4d926fa7ef.core.6dcd32f20f643d2d-cgu.0.rcgu.o) (__aeabi_dcmpge)
../../target/thumbv7em-none-eabihf/release//libferrite_ffi.a(compiler_builtins-e6acb5ff9d7ad716.compiler_builtins.89ae4299af4344f6-cgu.317.rcgu.o)
                              ../../target/thumbv7em-none-eabihf/release//libferrite_ffi.a(ferrite_sdk-1b7e3b376f53f720.ferrite_sdk.56298e7a945a29db-cgu.0.rcgu.o) (__aeabi_memclr8)
../../target/thumbv7em-none-eabihf/release//libferrite_ffi.a(compiler_builtins-e6acb5ff9d7ad716.compiler_builtins.89ae4299af4344f6-cgu.334.rcgu.o)
                              ../../target/thumbv7em-none-eabihf/release//libferrite_ffi.a(ferrite_ffi-b67230436546af3c.ferrite_ffi.ec52cb62cfb5bb37-cgu.1.rcgu.o) (__aeabi_memclr4)
[...]
Memory Configuration

Name             Origin             Length             Attributes
FLASH            0x08000000         0x00100000         xr
RAM              0x20000000         0x0004fc00         xrw
RETAINED         0x2004ff00         0x00000100         xrw
*default*        0x00000000         0xffffffff

Linker script and memory map

LOAD /usr/lib/gcc/arm-none-eabi/15.2.0/thumb/v7e-m+fp/hard/crti.o
LOAD /usr/lib/gcc/arm-none-eabi/15.2.0/thumb/v7e-m+fp/hard/crtbegin.o
LOAD /usr/lib/gcc/arm-none-eabi/15.2.0/../../../../arm-none-eabi/lib/thumb/v7e-m+fp/hard/crt0.o
LOAD /usr/lib/gcc/arm-none-eabi/15.2.0/../../../../arm-none-eabi/lib/thumb/v7e-m+fp/hard/libnosys.a
LOAD build/main.o
LOAD build/system_stm32l4xx.o
LOAD build/startup_stm32l4a6xx.o
LOAD ../../target/thumbv7em-none-eabihf/release//libferrite_ffi.a
LOAD /usr/lib/gcc/arm-none-eabi/15.2.0/../../../../arm-none-eabi/lib/thumb/v7e-m+fp/hard/libm.a
LOAD /usr/lib/gcc/arm-none-eabi/15.2.0/../../../../arm-none-eabi/lib/thumb/v7e-m+fp/hard/libc_nano.a
LOAD /usr/lib/gcc/arm-none-eabi/15.2.0/thumb/v7e-m+fp/hard/libgcc.a
START GROUP
LOAD /usr/lib/gcc/arm-none-eabi/15.2.0/thumb/v7e-m+fp/hard/libgcc.a
LOAD /usr/lib/gcc/arm-none-eabi/15.2.0/../../../../arm-none-eabi/lib/thumb/v7e-m+fp/hard/libc_nano.a
END GROUP
START GROUP
LOAD /usr/lib/gcc/arm-none-eabi/15.2.0/thumb/v7e-m+fp/hard/libgcc.a
LOAD /usr/lib/gcc/arm-none-eabi/15.2.0/../../../../arm-none-eabi/lib/thumb/v7e-m+fp/hard/libc_nano.a
LOAD /usr/lib/gcc/arm-none-eabi/15.2.0/../../../../arm-none-eabi/lib/thumb/v7e-m+fp/hard/libnosys.a
END GROUP
START GROUP
LOAD /usr/lib/gcc/arm-none-eabi/15.2.0/thumb/v7e-m+fp/hard/libgcc.a
LOAD /usr/lib/gcc/arm-none-eabi/15.2.0/../../../../arm-none-eabi/lib/thumb/v7e-m+fp/hard/libc_nano.a
LOAD /usr/lib/gcc/arm-none-eabi/15.2.0/../../../../arm-none-eabi/lib/thumb/v7e-m+fp/hard/libnosys.a
END GROUP
LOAD /usr/lib/gcc/arm-none-eabi/15.2.0/thumb/v7e-m+fp/hard/crtend.o
LOAD /usr/lib/gcc/arm-none-eabi/15.2.0/thumb/v7e-m+fp/hard/crtn.o
                0x2004fc00                        _estack = (ORIGIN (RAM) + LENGTH (RAM))
                0x00000400                        _Min_Heap_Size = 0x400
                0x00000800                        _Min_Stack_Size = 0x800

.isr_vector     0x08000000       0xe4
                0x08000000                        . = ALIGN (0x4)
 *(.isr_vector)
 .isr_vector    0x08000000       0xe4 build/startup_stm32l4a6xx.o
                0x08000000                g_pfnVectors
                0x080000e4                        . = ALIGN (0x4)

.text           0x080000e4     0x3374
                0x080000e4                        . = ALIGN (0x4)
 *(.text)
 *(.text*)
 .text.delay_ms
                0x080000e4       0x18 build/main.o
 .text.transport_send_chunk
                0x080000fc       0x2c build/main.o
 .text.transport_is_available
                0x08000128        0x4 build/main.o
 .text._critical_section_1_0_acquire
                0x0800012c       0x18 build/main.o
                0x0800012c                _critical_section_1_0_acquire
 .text._critical_section_1_0_release
                0x08000144       0x10 build/main.o
                0x08000144                _critical_section_1_0_release
 .text.startup.main
                0x08000154      0x2ac build/main.o
                0x08000154                main
 .text.SysTick_Handler
                0x08000400       0x10 build/system_stm32l4xx.o
                0x08000400                SysTick_Handler
 .text.ferrite_ticks
                0x08000410        0xc build/system_stm32l4xx.o
                0x08000410                ferrite_ticks
 .text.SystemInit
                0x0800041c       0x94 build/system_stm32l4xx.o
                0x0800041c                SystemInit
 .text.Reset_Handler
                0x080004b0       0x4c build/startup_stm32l4a6xx.o
                0x080004b0                Reset_Handler
 .text.Default_Handler
                0x080004fc        0x2 build/startup_stm32l4a6xx.o
                0x080004fc                EXTI2_IRQHandler
                0x080004fc                DebugMon_Handler
                0x080004fc                TIM1_CC_IRQHandler
                0x080004fc                HardFault_Handler
                0x080004fc                TAMP_STAMP_IRQHandler
                0x080004fc                PendSV_Handler
                0x080004fc                NMI_Handler
                0x080004fc                EXTI3_IRQHandler
                0x080004fc                EXTI0_IRQHandler
                0x080004fc                I2C2_EV_IRQHandler
                0x080004fc                CAN1_RX0_IRQHandler
                0x080004fc                TIM1_UP_TIM16_IRQHandler
                0x080004fc                UsageFault_Handler
                0x080004fc                ADC1_2_IRQHandler
                0x080004fc                SPI1_IRQHandler
                0x080004fc                DMA1_Channel4_IRQHandler
                0x080004fc                USART3_IRQHandler
                0x080004fc                DMA1_Channel7_IRQHandler
                0x080004fc                CAN1_RX1_IRQHandler
                0x080004fc                TIM4_IRQHandler
                0x080004fc                I2C1_EV_IRQHandler
                0x080004fc                DMA1_Channel6_IRQHandler
                0x080004fc                TIM3_IRQHandler
                0x080004fc                RCC_IRQHandler
                0x080004fc                DMA1_Channel1_IRQHandler
                0x080004fc                Default_Handler
                0x080004fc                EXTI15_10_IRQHandler
                0x080004fc                EXTI9_5_IRQHandler
                0x080004fc                RTC_WKUP_IRQHandler
                0x080004fc                PVD_PVM_IRQHandler
                0x080004fc                SPI2_IRQHandler
                0x080004fc                MemManage_Handler
                0x080004fc                CAN1_TX_IRQHandler
                0x080004fc                SVC_Handler
                0x080004fc                DMA1_Channel5_IRQHandler
                0x080004fc                EXTI4_IRQHandler
                0x080004fc                TIM1_TRG_COM_TIM17_IRQHandler
                0x080004fc                DMA1_Channel3_IRQHandler
                0x080004fc                WWDG_IRQHandler
                0x080004fc                TIM2_IRQHandler
                0x080004fc                EXTI1_IRQHandler
                0x080004fc                USART2_IRQHandler
                0x080004fc                I2C2_ER_IRQHandler
                0x080004fc                DMA1_Channel2_IRQHandler
                0x080004fc                CAN1_SCE_IRQHandler
                0x080004fc                FLASH_IRQHandler
                0x080004fc                BusFault_Handler
                0x080004fc                USART1_IRQHandler
                0x080004fc                I2C1_ER_IRQHandler
                0x080004fc                TIM1_BRK_TIM15_IRQHandler
 .text._RNvCs5QKde7ScR4H_7___rustc17rust_begin_unwind
                0x080004fe        0x6 ../../target/thumbv7em-none-eabihf/release//libferrite_ffi.a(ferrite_ffi-b67230436546af3c.ferrite_ffi.ec52cb62cfb5bb37-cgu.1.rcgu.o)
                0x080004fe                __rustc::rust_begin_unwind
 .text._ZN11ferrite_ffi16ferrite_sdk_init10rust_ticks17h96d09da04221e684E
                0x08000504       0x1c ../../target/thumbv7em-none-eabihf/release//libferrite_ffi.a(ferrite_ffi-b67230436546af3c.ferrite_ffi.ec52cb62cfb5bb37-cgu.1.rcgu.o)
 .text._ZN11ferrite_sdk7metrics22MetricsBuffer$LT$_$GT$5gauge17h24eefd9781457676E
                0x08000520      0x24e ../../target/thumbv7em-none-eabihf/release//libferrite_ffi.a(ferrite_ffi-b67230436546af3c.ferrite_ffi.ec52cb62cfb5bb37-cgu.1.rcgu.o)
                0x08000520                ferrite_sdk::metrics::MetricsBuffer<_>::gauge
 .text._ZN11ferrite_sdk7metrics22MetricsBuffer$LT$_$GT$9increment17h0edcafabba592bb5E
                0x0800076e      0x25c ../../target/thumbv7em-none-eabihf/release//libferrite_ffi.a(ferrite_ffi-b67230436546af3c.ferrite_ffi.ec52cb62cfb5bb37-cgu.1.rcgu.o)
                0x0800076e                ferrite_sdk::metrics::MetricsBuffer<_>::increment
 .text.ferrite_last_fault
                0x080009ca      0x14c ../../target/thumbv7em-none-eabihf/release//libferrite_ffi.a(ferrite_ffi-b67230436546af3c.ferrite_ffi.ec52cb62cfb5bb37-cgu.1.rcgu.o)
                0x080009ca                ferrite_last_fault
 .text.ferrite_metric_gauge
                0x08000b16       0xb8 ../../target/thumbv7em-none-eabihf/release//libferrite_ffi.a(ferrite_ffi-b67230436546af3c.ferrite_ffi.ec52cb62cfb5bb37-cgu.1.rcgu.o)
                0x08000b16                ferrite_metric_gauge
 .text.ferrite_metric_increment
                0x08000bce       0xae ../../target/thumbv7em-none-eabihf/release//libferrite_ffi.a(ferrite_ffi-b67230436546af3c.ferrite_ffi.ec52cb62cfb5bb37-cgu.1.rcgu.o)
                0x08000bce                ferrite_metric_increment
 .text.ferrite_record_reboot_reason
                0x08000c7c       0x3c ../../target/thumbv7em-none-eabihf/release//libferrite_ffi.a(ferrite_ffi-b67230436546af3c.ferrite_ffi.ec52cb62cfb5bb37-cgu.1.rcgu.o)
                0x08000c7c                ferrite_record_reboot_reason
 .text.ferrite_sdk_init
                0x08000cb8      0x102 ../../target/thumbv7em-none-eabihf/release//libferrite_ffi.a(ferrite_ffi-b67230436546af3c.ferrite_ffi.ec52cb62cfb5bb37-cgu.1.rcgu.o)
                0x08000cb8                ferrite_sdk_init
 .text.ferrite_upload
                0x08000dba       0x64 ../../target/thumbv7em-none-eabihf/release//libferrite_ffi.a(ferrite_ffi-b67230436546af3c.ferrite_ffi.ec52cb62cfb5bb37-cgu.1.rcgu.o)
                0x08000dba                ferrite_upload
 .text._ZN11ferrite_sdk3sdk14is_initialized17hfdaa41e29288ea95E
                0x08000e1e       0x1a ../../target/thumbv7em-none-eabihf/release//libferrite_ffi.a(ferrite_sdk-1b7e3b376f53f720.ferrite_sdk.56298e7a945a29db-cgu.0.rcgu.o)
                0x08000e1e                ferrite_sdk::sdk::is_initialized
 .text._ZN11ferrite_sdk3sdk4init17h1bd47a234cbe1968E
                0x08000e38      0x21a ../../target/thumbv7em-none-eabihf/release//libferrite_ffi.a(ferrite_sdk-1b7e3b376f53f720.ferrite_sdk.56298e7a945a29db-cgu.0.rcgu.o)
                0x08000e38                ferrite_sdk::sdk::init
 .text._ZN11ferrite_sdk5fault11FaultRecord12serialize_to17ha4126367c1a0bc65E
                0x08001052      0x116 ../../target/thumbv7em-none-eabihf/release//libferrite_ffi.a(ferrite_sdk-1b7e3b376f53f720.ferrite_sdk.56298e7a945a29db-cgu.0.rcgu.o)
                0x08001052                ferrite_sdk::fault::FaultRecord::serialize_to
 .text._ZN11ferrite_sdk6chunks7encoder12ChunkEncoder6encode17ha22e4638f0faf59eE
                0x08001168      0x1ba ../../target/thumbv7em-none-eabihf/release//libferrite_ffi.a(ferrite_sdk-1b7e3b376f53f720.ferrite_sdk.56298e7a945a29db-cgu.0.rcgu.o)
                0x08001168                ferrite_sdk::chunks::encoder::ChunkEncoder::encode
 .text._ZN11ferrite_sdk7metrics11MetricEntry12serialize_to17h150658281e720ed9E
                0x08001322      0x188 ../../target/thumbv7em-none-eabihf/release//libferrite_ffi.a(ferrite_sdk-1b7e3b376f53f720.ferrite_sdk.56298e7a945a29db-cgu.0.rcgu.o)
                0x08001322                ferrite_sdk::metrics::MetricEntry::serialize_to
 .text._ZN11ferrite_sdk7metrics13default_ticks17h094068d4515b92a8E
                0x080014aa        0xa ../../target/thumbv7em-none-eabihf/release//libferrite_ffi.a(ferrite_sdk-1b7e3b376f53f720.ferrite_sdk.56298e7a945a29db-cgu.0.rcgu.o)
 .text._ZN11ferrite_sdk7metrics5ticks17h40b473200fb86965E
                0x080014b4       0x18 ../../target/thumbv7em-none-eabihf/release//libferrite_ffi.a(ferrite_sdk-1b7e3b376f53f720.ferrite_sdk.56298e7a945a29db-cgu.0.rcgu.o)
                0x080014b4                ferrite_sdk::metrics::ticks
 .text._ZN44_$LT$$RF$T$u20$as$u20$core..fmt..Display$GT$3fmt17hdaa460cb567e9105E
                0x080014cc       0x14 ../../target/thumbv7em-none-eabihf/release//libferrite_ffi.a(core-ca098e4d926fa7ef.core.6dcd32f20f643d2d-cgu.0.rcgu.o)
 .text._ZN4core3fmt3num3imp21_$LT$impl$u20$u32$GT$10_fmt_inner17h3fcc4c307daf37a0E
                0x080014e0      0x1a0 ../../target/thumbv7em-none-eabihf/release//libferrite_ffi.a(core-ca098e4d926fa7ef.core.6dcd32f20f643d2d-cgu.0.rcgu.o)
 .text._ZN4core3fmt3num3imp52_$LT$impl$u20$core..fmt..Display$u20$for$u20$u32$GT$3fmt17h6ef7fde7e49b5172E
                0x08001680       0x30 ../../target/thumbv7em-none-eabihf/release//libferrite_ffi.a(core-ca098e4d926fa7ef.core.6dcd32f20f643d2d-cgu.0.rcgu.o)
                0x08001680                core::fmt::num::imp::<impl core::fmt::Display for usize>::fmt
                0x08001680                core::fmt::num::imp::<impl core::fmt::Display for u32>::fmt
 .text._ZN4core3fmt9Formatter12pad_integral12write_prefix17hb6ec7f549df996ffE
                0x080016b0       0x46 ../../target/thumbv7em-none-eabihf/release//libferrite_ffi.a(core-ca098e4d926fa7ef.core.6dcd32f20f643d2d-cgu.0.rcgu.o)
 *fill*         0x080016f6        0x2 
 .text._ZN4core3fmt9Formatter12pad_integral17h2f525c349e4d1926E
                0x080016f8      0x266 ../../target/thumbv7em-none-eabihf/release//libferrite_ffi.a(core-ca098e4d926fa7ef.core.6dcd32f20f643d2d-cgu.0.rcgu.o)
                0x080016f8                core::fmt::Formatter::pad_integral
 *fill*         0x0800195e        0x2 
 .text._ZN4core3fmt9Formatter3pad17hfd6154448caf14c4E
                0x08001960      0x1d6 ../../target/thumbv7em-none-eabihf/release//libferrite_ffi.a(core-ca098e4d926fa7ef.core.6dcd32f20f643d2d-cgu.0.rcgu.o)
                0x08001960                core::fmt::Formatter::pad
 .text._ZN4core3str5count14do_count_chars17ha47acca84b215531E
                0x08001b36      0x4ea ../../target/thumbv7em-none-eabihf/release//libferrite_ffi.a(core-ca098e4d926fa7ef.core.6dcd32f20f643d2d-cgu.0.rcgu.o)
                0x08001b36                core::str::count::do_count_chars
 .text.unlikely._ZN4core4cell22panic_already_borrowed17h3b90a3f8e24aa856E
                0x08002020       0x24 ../../target/thumbv7em-none-eabihf/release//libferrite_ffi.a(core-ca098e4d926fa7ef.core.6dcd32f20f643d2d-cgu.0.rcgu.o)
                0x08002020                core::cell::panic_already_borrowed
 .text.unlikely._ZN4core5slice5index16slice_index_fail17h0fc14654eb8e4630E
                0x08002044       0x8a ../../target/thumbv7em-none-eabihf/release//libferrite_ffi.a(core-ca098e4d926fa7ef.core.6dcd32f20f643d2d-cgu.0.rcgu.o)
                0x08002044                core::slice::index::slice_index_fail
 .text.unlikely._ZN4core6option13expect_failed17hd959eba36604df13E
                0x080020ce       0x26 ../../target/thumbv7em-none-eabihf/release//libferrite_ffi.a(core-ca098e4d926fa7ef.core.6dcd32f20f643d2d-cgu.0.rcgu.o)
                0x080020ce                core::option::expect_failed
 .text.unlikely._ZN4core9panicking18panic_bounds_check17h718ec1cd00c7a3e0E
                0x080020f4       0x28 ../../target/thumbv7em-none-eabihf/release//libferrite_ffi.a(core-ca098e4d926fa7ef.core.6dcd32f20f643d2d-cgu.0.rcgu.o)
                0x080020f4                core::panicking::panic_bounds_check
 .text.unlikely._ZN4core9panicking9panic_fmt17h652a3bf6746d7025E
                0x0800211c       0x1c ../../target/thumbv7em-none-eabihf/release//libferrite_ffi.a(core-ca098e4d926fa7ef.core.6dcd32f20f643d2d-cgu.0.rcgu.o)
                0x0800211c                core::panicking::panic_fmt
 .text._ZN65_$LT$core..cell..BorrowMutError$u20$as$u20$core..fmt..Display$GT$3fmt17ha64dd1966e3d0a0eE
                0x08002138       0x18 ../../target/thumbv7em-none-eabihf/release//libferrite_ffi.a(core-ca098e4d926fa7ef.core.6dcd32f20f643d2d-cgu.0.rcgu.o)
                0x08002138                <core::cell::BorrowMutError as core::fmt::Display>::fmt
 .text.memcmp   0x08002150       0x74 ../../target/thumbv7em-none-eabihf/release//libferrite_ffi.a(compiler_builtins-e6acb5ff9d7ad716.compiler_builtins.89ae4299af4344f6-cgu.107.rcgu.o)
                0x08002150                memcmp
 .text.strlen   0x080021c4       0x34 ../../target/thumbv7em-none-eabihf/release//libferrite_ffi.a(compiler_builtins-e6acb5ff9d7ad716.compiler_builtins.89ae4299af4344f6-cgu.135.rcgu.o)
                0x080021c4                strlen
 .text.__aeabi_memcpy
                0x080021f8        0xc ../../target/thumbv7em-none-eabihf/release//libferrite_ffi.a(compiler_builtins-e6acb5ff9d7ad716.compiler_builtins.89ae4299af4344f6-cgu.164.rcgu.o)
                0x080021f8                __aeabi_memcpy
 .text.__aeabi_memcpy4
                0x08002204       0x9c ../../target/thumbv7em-none-eabihf/release//libferrite_ffi.a(compiler_builtins-e6acb5ff9d7ad716.compiler_builtins.89ae4299af4344f6-cgu.194.rcgu.o)
                0x08002204                __aeabi_memcpy4
 .text.__aeabi_memclr8
                0x080022a0       0xae ../../target/thumbv7em-none-eabihf/release//libferrite_ffi.a(compiler_builtins-e6acb5ff9d7ad716.compiler_builtins.89ae4299af4344f6-cgu.317.rcgu.o)
                0x080022a0                __aeabi_memclr8
 .text.__aeabi_memclr4
                0x0800234e       0xae ../../target/thumbv7em-none-eabihf/release//libferrite_ffi.a(compiler_builtins-e6acb5ff9d7ad716.compiler_builtins.89ae4299af4344f6-cgu.334.rcgu.o)
                0x0800234e                __aeabi_memclr4
 .text.__aeabi_memmove8
                0x080023fc        0xc ../../target/thumbv7em-none-eabihf/release//libferrite_ffi.a(compiler_builtins-e6acb5ff9d7ad716.compiler_builtins.89ae4299af4344f6-cgu.396.rcgu.o)
                0x080023fc                __aeabi_memmove8
 .text.__aeabi_memclr
                0x08002408       0xd0 ../../target/thumbv7em-none-eabihf/release//libferrite_ffi.a(compiler_builtins-e6acb5ff9d7ad716.compiler_builtins.89ae4299af4344f6-cgu.407.rcgu.o)
                0x08002408                __aeabi_memclr
 .text._ZN11ferrite_sdk6upload13UploadManager6upload17hc7097ccf18aa8aa6E
                0x080024d8      0x66a ../../target/thumbv7em-none-eabihf/release//libferrite_ffi.a(ferrite_ffi-b67230436546af3c.ferrite_ffi.ec52cb62cfb5bb37-cgu.0.rcgu.o)
                0x080024d8                ferrite_sdk::upload::UploadManager::upload
 .text._ZN17compiler_builtins3mem6memcpy17h117a299571c5d8f7E
                0x08002b42      0x2e6 ../../target/thumbv7em-none-eabihf/release//libferrite_ffi.a(compiler_builtins-e6acb5ff9d7ad716.compiler_builtins.89ae4299af4344f6-cgu.012.rcgu.o)
                0x08002b42                compiler_builtins::mem::memcpy
 .text._ZN17compiler_builtins3mem7memmove17hbc163a730bc4033fE
                0x08002e28      0x618 ../../target/thumbv7em-none-eabihf/release//libferrite_ffi.a(compiler_builtins-e6acb5ff9d7ad716.compiler_builtins.89ae4299af4344f6-cgu.012.rcgu.o)
                0x08002e28                compiler_builtins::mem::memmove
 *(.glue_7)
 .glue_7        0x08003440        0x0 linker stubs
 *(.glue_7t)
 .glue_7t       0x08003440        0x0 linker stubs
 *(.eh_frame)
 *(.init)
 .init          0x08003440        0x4 /usr/lib/gcc/arm-none-eabi/15.2.0/thumb/v7e-m+fp/hard/crti.o
                0x08003440                _init
 .init          0x08003444        0x8 /usr/lib/gcc/arm-none-eabi/15.2.0/thumb/v7e-m+fp/hard/crtn.o
 *(.fini)
 .fini          0x0800344c        0x4 /usr/lib/gcc/arm-none-eabi/15.2.0/thumb/v7e-m+fp/hard/crti.o
                0x0800344c                _fini
 .fini          0x08003450        0x8 /usr/lib/gcc/arm-none-eabi/15.2.0/thumb/v7e-m+fp/hard/crtn.o
                0x08003458                        . = ALIGN (0x4)
                0x08003458                        _etext = .

.vfp11_veneer   0x08003458        0x0
 .vfp11_veneer  0x08003458        0x0 linker stubs

.v4_bx          0x08003458        0x0
 .v4_bx         0x08003458        0x0 linker stubs

.iplt           0x08003458        0x0
 .iplt          0x08003458        0x0 build/main.o

.rodata         0x08003458     0x115c
                0x08003458                        . = ALIGN (0x4)
 *(.rodata)
 .rodata        0x08003458       0x14 build/main.o
 *(.rodata*)
 .rodata.main.str1.1
                0x0800346c      0xdea build/main.o
                                 0x60 (size before relaxing)
                0x080034eb                anon.a07e347fbaff1da30bdcee450f6b10e2.3.llvm.8088031758841778563
                0x080041a8                anon.a07e347fbaff1da30bdcee450f6b10e2.1.llvm.8088031758841778563
                0x08004227                anon.a07e347fbaff1da30bdcee450f6b10e2.21.llvm.8088031758841778563
 *fill*         0x08004256        0x2 
 .rodata.str4.4
                0x08004258       0x18 ../../target/thumbv7em-none-eabihf/release//libferrite_ffi.a(ferrite_ffi-b67230436546af3c.ferrite_ffi.ec52cb62cfb5bb37-cgu.1.rcgu.o)
 .rodata.cst16  0x08004270       0x10 ../../target/thumbv7em-none-eabihf/release//libferrite_ffi.a(ferrite_ffi-b67230436546af3c.ferrite_ffi.ec52cb62cfb5bb37-cgu.1.rcgu.o)
 .rodata.str1.1
                0x08004280        0x0 ../../target/thumbv7em-none-eabihf/release//libferrite_ffi.a(ferrite_sdk-1b7e3b376f53f720.ferrite_sdk.56298e7a945a29db-cgu.0.rcgu.o)
                                 0x51 (size before relaxing)
 .rodata..Lanon.e5b27932c542112cbb7ec066983b7625.2
                0x08004280       0x29 ../../target/thumbv7em-none-eabihf/release//libferrite_ffi.a(ferrite_sdk-1b7e3b376f53f720.ferrite_sdk.56298e7a945a29db-cgu.0.rcgu.o)
 *fill*         0x080042a9        0x3 
 .rodata..Lanon.e5b27932c542112cbb7ec066983b7625.4
                0x080042ac       0x10 ../../target/thumbv7em-none-eabihf/release//libferrite_ffi.a(ferrite_sdk-1b7e3b376f53f720.ferrite_sdk.56298e7a945a29db-cgu.0.rcgu.o)
 .rodata..Lanon.e5b27932c542112cbb7ec066983b7625.5
                0x080042bc       0x10 ../../target/thumbv7em-none-eabihf/release//libferrite_ffi.a(ferrite_sdk-1b7e3b376f53f720.ferrite_sdk.56298e7a945a29db-cgu.0.rcgu.o)
 .rodata..Lanon.e5b27932c542112cbb7ec066983b7625.9
                0x080042cc       0x10 ../../target/thumbv7em-none-eabihf/release//libferrite_ffi.a(ferrite_sdk-1b7e3b376f53f720.ferrite_sdk.56298e7a945a29db-cgu.0.rcgu.o)
 .rodata..Lanon.e5b27932c542112cbb7ec066983b7625.10
                0x080042dc       0x10 ../../target/thumbv7em-none-eabihf/release//libferrite_ffi.a(ferrite_sdk-1b7e3b376f53f720.ferrite_sdk.56298e7a945a29db-cgu.0.rcgu.o)
 .rodata..Lanon.e5b27932c542112cbb7ec066983b7625.11
                0x080042ec       0x10 ../../target/thumbv7em-none-eabihf/release//libferrite_ffi.a(ferrite_sdk-1b7e3b376f53f720.ferrite_sdk.56298e7a945a29db-cgu.0.rcgu.o)
 .rodata..Lanon.e5b27932c542112cbb7ec066983b7625.12
                0x080042fc       0x10 ../../target/thumbv7em-none-eabihf/release//libferrite_ffi.a(ferrite_sdk-1b7e3b376f53f720.ferrite_sdk.56298e7a945a29db-cgu.0.rcgu.o)
 .rodata..Lanon.e5b27932c542112cbb7ec066983b7625.13
                0x0800430c       0x10 ../../target/thumbv7em-none-eabihf/release//libferrite_ffi.a(ferrite_sdk-1b7e3b376f53f720.ferrite_sdk.56298e7a945a29db-cgu.0.rcgu.o)
 .rodata..Lanon.e5b27932c542112cbb7ec066983b7625.14
                0x0800431c       0x10 ../../target/thumbv7em-none-eabihf/release//libferrite_ffi.a(ferrite_sdk-1b7e3b376f53f720.ferrite_sdk.56298e7a945a29db-cgu.0.rcgu.o)
 .rodata..Lanon.e5b27932c542112cbb7ec066983b7625.15
                0x0800432c       0x10 ../../target/thumbv7em-none-eabihf/release//libferrite_ffi.a(ferrite_sdk-1b7e3b376f53f720.ferrite_sdk.56298e7a945a29db-cgu.0.rcgu.o)
 .rodata..Lanon.e5b27932c542112cbb7ec066983b7625.16
                0x0800433c       0x10 ../../target/thumbv7em-none-eabihf/release//libferrite_ffi.a(ferrite_sdk-1b7e3b376f53f720.ferrite_sdk.56298e7a945a29db-cgu.0.rcgu.o)
 .rodata..Lanon.e5b27932c542112cbb7ec066983b7625.17
                0x0800434c       0x10 ../../target/thumbv7em-none-eabihf/release//libferrite_ffi.a(ferrite_sdk-1b7e3b376f53f720.ferrite_sdk.56298e7a945a29db-cgu.0.rcgu.o)
 .rodata..Lanon.e5b27932c542112cbb7ec066983b7625.18
                0x0800435c       0x10 ../../target/thumbv7em-none-eabihf/release//libferrite_ffi.a(ferrite_sdk-1b7e3b376f53f720.ferrite_sdk.56298e7a945a29db-cgu.0.rcgu.o)
 .rodata..Lanon.e5b27932c542112cbb7ec066983b7625.19
                0x0800436c       0x10 ../../target/thumbv7em-none-eabihf/release//libferrite_ffi.a(ferrite_sdk-1b7e3b376f53f720.ferrite_sdk.56298e7a945a29db-cgu.0.rcgu.o)
 .rodata..Lanon.e5b27932c542112cbb7ec066983b7625.20
                0x0800437c       0x10 ../../target/thumbv7em-none-eabihf/release//libferrite_ffi.a(ferrite_sdk-1b7e3b376f53f720.ferrite_sdk.56298e7a945a29db-cgu.0.rcgu.o)
 .rodata.str1.1
                0x0800438c        0x0 ../../target/thumbv7em-none-eabihf/release//libferrite_ffi.a(core-ca098e4d926fa7ef.core.6dcd32f20f643d2d-cgu.0.rcgu.o)
                                0xc93 (size before relaxing)
 .rodata..Lanon.d37a769209b4fea2605a32b600dc7765.10
                0x0800438c       0xc8 ../../target/thumbv7em-none-eabihf/release//libferrite_ffi.a(core-ca098e4d926fa7ef.core.6dcd32f20f643d2d-cgu.0.rcgu.o)
 .rodata..Lanon.d37a769209b4fea2605a32b600dc7765.22
                0x08004454       0x10 ../../target/thumbv7em-none-eabihf/release//libferrite_ffi.a(core-ca098e4d926fa7ef.core.6dcd32f20f643d2d-cgu.0.rcgu.o)
 .rodata..Lanon.d37a769209b4fea2605a32b600dc7765.341
                0x08004464       0x18 ../../target/thumbv7em-none-eabihf/release//libferrite_ffi.a(core-ca098e4d926fa7ef.core.6dcd32f20f643d2d-cgu.0.rcgu.o)
 .rodata..Lanon.a07e347fbaff1da30bdcee450f6b10e2.0
                0x0800447c       0x17 ../../target/thumbv7em-none-eabihf/release//libferrite_ffi.a(ferrite_ffi-b67230436546af3c.ferrite_ffi.ec52cb62cfb5bb37-cgu.0.rcgu.o)
 .rodata.str1.1
                0x08004493        0x0 ../../target/thumbv7em-none-eabihf/release//libferrite_ffi.a(ferrite_ffi-b67230436546af3c.ferrite_ffi.ec52cb62cfb5bb37-cgu.0.rcgu.o)
                                 0xc5 (size before relaxing)
 *fill*         0x08004493        0x1 
 .rodata..Lanon.a07e347fbaff1da30bdcee450f6b10e2.2
                0x08004494       0x10 ../../target/thumbv7em-none-eabihf/release//libferrite_ffi.a(ferrite_ffi-b67230436546af3c.ferrite_ffi.ec52cb62cfb5bb37-cgu.0.rcgu.o)
 .rodata.anon.a07e347fbaff1da30bdcee450f6b10e2.4.llvm.8088031758841778563
                0x080044a4       0x10 ../../target/thumbv7em-none-eabihf/release//libferrite_ffi.a(ferrite_ffi-b67230436546af3c.ferrite_ffi.ec52cb62cfb5bb37-cgu.0.rcgu.o)
                0x080044a4                anon.a07e347fbaff1da30bdcee450f6b10e2.4.llvm.8088031758841778563
 .rodata.cst32  0x080044b4       0x20 ../../target/thumbv7em-none-eabihf/release//libferrite_ffi.a(ferrite_ffi-b67230436546af3c.ferrite_ffi.ec52cb62cfb5bb37-cgu.0.rcgu.o)
 .rodata..Lanon.a07e347fbaff1da30bdcee450f6b10e2.6
                0x080044d4       0x10 ../../target/thumbv7em-none-eabihf/release//libferrite_ffi.a(ferrite_ffi-b67230436546af3c.ferrite_ffi.ec52cb62cfb5bb37-cgu.0.rcgu.o)
 .rodata..Lanon.a07e347fbaff1da30bdcee450f6b10e2.7
                0x080044e4       0x10 ../../target/thumbv7em-none-eabihf/release//libferrite_ffi.a(ferrite_ffi-b67230436546af3c.ferrite_ffi.ec52cb62cfb5bb37-cgu.0.rcgu.o)
 .rodata..Lanon.a07e347fbaff1da30bdcee450f6b10e2.9
                0x080044f4       0x10 ../../target/thumbv7em-none-eabihf/release//libferrite_ffi.a(ferrite_ffi-b67230436546af3c.ferrite_ffi.ec52cb62cfb5bb37-cgu.0.rcgu.o)
 .rodata..Lanon.a07e347fbaff1da30bdcee450f6b10e2.10
                0x08004504       0x10 ../../target/thumbv7em-none-eabihf/release//libferrite_ffi.a(ferrite_ffi-b67230436546af3c.ferrite_ffi.ec52cb62cfb5bb37-cgu.0.rcgu.o)
 .rodata..Lanon.a07e347fbaff1da30bdcee450f6b10e2.11
                0x08004514       0x10 ../../target/thumbv7em-none-eabihf/release//libferrite_ffi.a(ferrite_ffi-b67230436546af3c.ferrite_ffi.ec52cb62cfb5bb37-cgu.0.rcgu.o)
 .rodata..Lanon.a07e347fbaff1da30bdcee450f6b10e2.12
                0x08004524       0x10 ../../target/thumbv7em-none-eabihf/release//libferrite_ffi.a(ferrite_ffi-b67230436546af3c.ferrite_ffi.ec52cb62cfb5bb37-cgu.0.rcgu.o)
 .rodata..Lanon.a07e347fbaff1da30bdcee450f6b10e2.13
                0x08004534       0x10 ../../target/thumbv7em-none-eabihf/release//libferrite_ffi.a(ferrite_ffi-b67230436546af3c.ferrite_ffi.ec52cb62cfb5bb37-cgu.0.rcgu.o)
 .rodata..Lanon.a07e347fbaff1da30bdcee450f6b10e2.14
                0x08004544       0x10 ../../target/thumbv7em-none-eabihf/release//libferrite_ffi.a(ferrite_ffi-b67230436546af3c.ferrite_ffi.ec52cb62cfb5bb37-cgu.0.rcgu.o)
 .rodata..Lanon.a07e347fbaff1da30bdcee450f6b10e2.15
                0x08004554       0x10 ../../target/thumbv7em-none-eabihf/release//libferrite_ffi.a(ferrite_ffi-b67230436546af3c.ferrite_ffi.ec52cb62cfb5bb37-cgu.0.rcgu.o)
 .rodata..Lanon.a07e347fbaff1da30bdcee450f6b10e2.16
                0x08004564       0x10 ../../target/thumbv7em-none-eabihf/release//libferrite_ffi.a(ferrite_ffi-b67230436546af3c.ferrite_ffi.ec52cb62cfb5bb37-cgu.0.rcgu.o)
 .rodata..Lanon.a07e347fbaff1da30bdcee450f6b10e2.17
                0x08004574       0x10 ../../target/thumbv7em-none-eabihf/release//libferrite_ffi.a(ferrite_ffi-b67230436546af3c.ferrite_ffi.ec52cb62cfb5bb37-cgu.0.rcgu.o)
 .rodata..Lanon.a07e347fbaff1da30bdcee450f6b10e2.18
                0x08004584       0x10 ../../target/thumbv7em-none-eabihf/release//libferrite_ffi.a(ferrite_ffi-b67230436546af3c.ferrite_ffi.ec52cb62cfb5bb37-cgu.0.rcgu.o)
 .rodata..Lanon.a07e347fbaff1da30bdcee450f6b10e2.19
                0x08004594       0x10 ../../target/thumbv7em-none-eabihf/release//libferrite_ffi.a(ferrite_ffi-b67230436546af3c.ferrite_ffi.ec52cb62cfb5bb37-cgu.0.rcgu.o)
 .rodata..Lanon.a07e347fbaff1da30bdcee450f6b10e2.20
                0x080045a4       0x10 ../../target/thumbv7em-none-eabihf/release//libferrite_ffi.a(ferrite_ffi-b67230436546af3c.ferrite_ffi.ec52cb62cfb5bb37-cgu.0.rcgu.o)
                0x080045b4                        . = ALIGN (0x4)

.ARM.extab
 *(.ARM.extab* .gnu.linkonce.armextab.*)

.ARM            0x080045b4        0x8
                0x080045b4                        __exidx_start = .
 *(.ARM.exidx*)
 .ARM.exidx.text._RNvCs5QKde7ScR4H_7___rustc17rust_begin_unwind
                0x080045b4        0x8 ../../target/thumbv7em-none-eabihf/release//libferrite_ffi.a(ferrite_ffi-b67230436546af3c.ferrite_ffi.ec52cb62cfb5bb37-cgu.1.rcgu.o)
 .ARM.exidx.text._ZN11ferrite_ffi16ferrite_sdk_init10rust_ticks17h96d09da04221e684E
                0x080045bc        0x0 ../../target/thumbv7em-none-eabihf/release//libferrite_ffi.a(ferrite_ffi-b67230436546af3c.ferrite_ffi.ec52cb62cfb5bb37-cgu.1.rcgu.o)
                                  0x8 (size before relaxing)
 .ARM.exidx.text._ZN11ferrite_sdk7metrics22MetricsBuffer$LT$_$GT$5gauge17h24eefd9781457676E
                0x080045bc        0x0 ../../target/thumbv7em-none-eabihf/release//libferrite_ffi.a(ferrite_ffi-b67230436546af3c.ferrite_ffi.ec52cb62cfb5bb37-cgu.1.rcgu.o)
                                  0x8 (size before relaxing)
 .ARM.exidx.text._ZN11ferrite_sdk7metrics22MetricsBuffer$LT$_$GT$9increment17h0edcafabba592bb5E
                0x080045bc        0x0 ../../target/thumbv7em-none-eabihf/release//libferrite_ffi.a(ferrite_ffi-b67230436546af3c.ferrite_ffi.ec52cb62cfb5bb37-cgu.1.rcgu.o)
                                  0x8 (size before relaxing)
 .ARM.exidx.text.ferrite_last_fault
                0x080045bc        0x0 ../../target/thumbv7em-none-eabihf/release//libferrite_ffi.a(ferrite_ffi-b67230436546af3c.ferrite_ffi.ec52cb62cfb5bb37-cgu.1.rcgu.o)
                                  0x8 (size before relaxing)
 .ARM.exidx.text.ferrite_metric_gauge
                0x080045bc        0x0 ../../target/thumbv7em-none-eabihf/release//libferrite_ffi.a(ferrite_ffi-b67230436546af3c.ferrite_ffi.ec52cb62cfb5bb37-cgu.1.rcgu.o)
                                  0x8 (size before relaxing)
 .ARM.exidx.text.ferrite_metric_increment
                0x080045bc        0x0 ../../target/thumbv7em-none-eabihf/release//libferrite_ffi.a(ferrite_ffi-b67230436546af3c.ferrite_ffi.ec52cb62cfb5bb37-cgu.1.rcgu.o)
                                  0x8 (size before relaxing)
 .ARM.exidx.text.ferrite_record_reboot_reason
                0x080045bc        0x0 ../../target/thumbv7em-none-eabihf/release//libferrite_ffi.a(ferrite_ffi-b67230436546af3c.ferrite_ffi.ec52cb62cfb5bb37-cgu.1.rcgu.o)
                                  0x8 (size before relaxing)
 .ARM.exidx.text.ferrite_sdk_init
                0x080045bc        0x0 ../../target/thumbv7em-none-eabihf/release//libferrite_ffi.a(ferrite_ffi-b67230436546af3c.ferrite_ffi.ec52cb62cfb5bb37-cgu.1.rcgu.o)
                                  0x8 (size before relaxing)
 .ARM.exidx.text.ferrite_upload
                0x080045bc        0x0 ../../target/thumbv7em-none-eabihf/release//libferrite_ffi.a(ferrite_ffi-b67230436546af3c.ferrite_ffi.ec52cb62cfb5bb37-cgu.1.rcgu.o)
                                  0x8 (size before relaxing)
 .ARM.exidx.text._ZN11ferrite_sdk3sdk14is_initialized17hfdaa41e29288ea95E
                0x080045bc        0x0 ../../target/thumbv7em-none-eabihf/release//libferrite_ffi.a(ferrite_sdk-1b7e3b376f53f720.ferrite_sdk.56298e7a945a29db-cgu.0.rcgu.o)
                                  0x8 (size before relaxing)
 .ARM.exidx.text._ZN11ferrite_sdk3sdk4init17h1bd47a234cbe1968E
                0x080045bc        0x0 ../../target/thumbv7em-none-eabihf/release//libferrite_ffi.a(ferrite_sdk-1b7e3b376f53f720.ferrite_sdk.56298e7a945a29db-cgu.0.rcgu.o)
                                  0x8 (size before relaxing)
 .ARM.exidx.text._ZN11ferrite_sdk5fault11FaultRecord12serialize_to17ha4126367c1a0bc65E
                0x080045bc        0x0 ../../target/thumbv7em-none-eabihf/release//libferrite_ffi.a(ferrite_sdk-1b7e3b376f53f720.ferrite_sdk.56298e7a945a29db-cgu.0.rcgu.o)
                                  0x8 (size before relaxing)
 .ARM.exidx.text._ZN11ferrite_sdk6chunks7encoder12ChunkEncoder6encode17ha22e4638f0faf59eE
                0x080045bc        0x0 ../../target/thumbv7em-none-eabihf/release//libferrite_ffi.a(ferrite_sdk-1b7e3b376f53f720.ferrite_sdk.56298e7a945a29db-cgu.0.rcgu.o)
                                  0x8 (size before relaxing)
 .ARM.exidx.text._ZN11ferrite_sdk7metrics11MetricEntry12serialize_to17h150658281e720ed9E
                0x080045bc        0x0 ../../target/thumbv7em-none-eabihf/release//libferrite_ffi.a(ferrite_sdk-1b7e3b376f53f720.ferrite_sdk.56298e7a945a29db-cgu.0.rcgu.o)
                                  0x8 (size before relaxing)
 .ARM.exidx.text._ZN11ferrite_sdk7metrics13default_ticks17h094068d4515b92a8E
                0x080045bc        0x0 ../../target/thumbv7em-none-eabihf/release//libferrite_ffi.a(ferrite_sdk-1b7e3b376f53f720.ferrite_sdk.56298e7a945a29db-cgu.0.rcgu.o)
                                  0x8 (size before relaxing)
 .ARM.exidx.text._ZN11ferrite_sdk7metrics5ticks17h40b473200fb86965E
                0x080045bc        0x0 ../../target/thumbv7em-none-eabihf/release//libferrite_ffi.a(ferrite_sdk-1b7e3b376f53f720.ferrite_sdk.56298e7a945a29db-cgu.0.rcgu.o)
                                  0x8 (size before relaxing)
 .ARM.exidx.text._ZN44_$LT$$RF$T$u20$as$u20$core..fmt..Display$GT$3fmt17hdaa460cb567e9105E
                0x080045bc        0x0 ../../target/thumbv7em-none-eabihf/release//libferrite_ffi.a(core-ca098e4d926fa7ef.core.6dcd32f20f643d2d-cgu.0.rcgu.o)
                                  0x8 (size before relaxing)
 .ARM.exidx.text._ZN4core3fmt3num3imp21_$LT$impl$u20$u32$GT$10_fmt_inner17h3fcc4c307daf37a0E
                0x080045bc        0x0 ../../target/thumbv7em-none-eabihf/release//libferrite_ffi.a(core-ca098e4d926fa7ef.core.6dcd32f20f643d2d-cgu.0.rcgu.o)
                                  0x8 (size before relaxing)
 .ARM.exidx.text._ZN4core3fmt3num3imp52_$LT$impl$u20$core..fmt..Display$u20$for$u20$u32$GT$3fmt17h6ef7fde7e49b5172E
                0x080045bc        0x0 ../../target/thumbv7em-none-eabihf/release//libferrite_ffi.a(core-ca098e4d926fa7ef.core.6dcd32f20f643d2d-cgu.0.rcgu.o)
                                  0x8 (size before relaxing)
 .ARM.exidx.text._ZN4core3fmt9Formatter12pad_integral12write_prefix17hb6ec7f549df996ffE
                0x080045bc        0x0 ../../target/thumbv7em-none-eabihf/release//libferrite_ffi.a(core-ca098e4d926fa7ef.core.6dcd32f20f643d2d-cgu.0.rcgu.o)
                                  0x8 (size before relaxing)
 .ARM.exidx.text._ZN4core3fmt9Formatter12pad_integral17h2f525c349e4d1926E
                0x080045bc        0x0 ../../target/thumbv7em-none-eabihf/release//libferrite_ffi.a(core-ca098e4d926fa7ef.core.6dcd32f20f643d2d-cgu.0.rcgu.o)
                                  0x8 (size before relaxing)
 .ARM.exidx.text._ZN4core3fmt9Formatter3pad17hfd6154448caf14c4E
                0x080045bc        0x0 ../../target/thumbv7em-none-eabihf/release//libferrite_ffi.a(core-ca098e4d926fa7ef.core.6dcd32f20f643d2d-cgu.0.rcgu.o)
                                  0x8 (size before relaxing)
 .ARM.exidx.text._ZN4core3str5count14do_count_chars17ha47acca84b215531E
                0x080045bc        0x0 ../../target/thumbv7em-none-eabihf/release//libferrite_ffi.a(core-ca098e4d926fa7ef.core.6dcd32f20f643d2d-cgu.0.rcgu.o)
                                  0x8 (size before relaxing)
 .ARM.exidx.text.unlikely._ZN4core4cell22panic_already_borrowed17h3b90a3f8e24aa856E
                0x080045bc        0x0 ../../target/thumbv7em-none-eabihf/release//libferrite_ffi.a(core-ca098e4d926fa7ef.core.6dcd32f20f643d2d-cgu.0.rcgu.o)
                                  0x8 (size before relaxing)
 .ARM.exidx.text.unlikely._ZN4core5slice5index16slice_index_fail17h0fc14654eb8e4630E
                0x080045bc        0x0 ../../target/thumbv7em-none-eabihf/release//libferrite_ffi.a(core-ca098e4d926fa7ef.core.6dcd32f20f643d2d-cgu.0.rcgu.o)
                                  0x8 (size before relaxing)
 .ARM.exidx.text.unlikely._ZN4core6option13expect_failed17hd959eba36604df13E
                0x080045bc        0x0 ../../target/thumbv7em-none-eabihf/release//libferrite_ffi.a(core-ca098e4d926fa7ef.core.6dcd32f20f643d2d-cgu.0.rcgu.o)
                                  0x8 (size before relaxing)
 .ARM.exidx.text.unlikely._ZN4core9panicking18panic_bounds_check17h718ec1cd00c7a3e0E
                0x080045bc        0x0 ../../target/thumbv7em-none-eabihf/release//libferrite_ffi.a(core-ca098e4d926fa7ef.core.6dcd32f20f643d2d-cgu.0.rcgu.o)
                                  0x8 (size before relaxing)
 .ARM.exidx.text.unlikely._ZN4core9panicking9panic_fmt17h652a3bf6746d7025E
                0x080045bc        0x0 ../../target/thumbv7em-none-eabihf/release//libferrite_ffi.a(core-ca098e4d926fa7ef.core.6dcd32f20f643d2d-cgu.0.rcgu.o)
                                  0x8 (size before relaxing)
 .ARM.exidx.text._ZN65_$LT$core..cell..BorrowMutError$u20$as$u20$core..fmt..Display$GT$3fmt17ha64dd1966e3d0a0eE
                0x080045bc        0x0 ../../target/thumbv7em-none-eabihf/release//libferrite_ffi.a(core-ca098e4d926fa7ef.core.6dcd32f20f643d2d-cgu.0.rcgu.o)
                                  0x8 (size before relaxing)
 .ARM.exidx.text.memcmp
                0x080045bc        0x0 ../../target/thumbv7em-none-eabihf/release//libferrite_ffi.a(compiler_builtins-e6acb5ff9d7ad716.compiler_builtins.89ae4299af4344f6-cgu.107.rcgu.o)
                                  0x8 (size before relaxing)
 .ARM.exidx.text.strlen
                0x080045bc        0x0 ../../target/thumbv7em-none-eabihf/release//libferrite_ffi.a(compiler_builtins-e6acb5ff9d7ad716.compiler_builtins.89ae4299af4344f6-cgu.135.rcgu.o)
                                  0x8 (size before relaxing)
 .ARM.exidx.text.__aeabi_memcpy
                0x080045bc        0x0 ../../target/thumbv7em-none-eabihf/release//libferrite_ffi.a(compiler_builtins-e6acb5ff9d7ad716.compiler_builtins.89ae4299af4344f6-cgu.164.rcgu.o)
                                  0x8 (size before relaxing)
 .ARM.exidx.text.__aeabi_memcpy4
                0x080045bc        0x0 ../../target/thumbv7em-none-eabihf/release//libferrite_ffi.a(compiler_builtins-e6acb5ff9d7ad716.compiler_builtins.89ae4299af4344f6-cgu.194.rcgu.o)
                                  0x8 (size before relaxing)
 .ARM.exidx.text.__aeabi_memclr8
                0x080045bc        0x0 ../../target/thumbv7em-none-eabihf/release//libferrite_ffi.a(compiler_builtins-e6acb5ff9d7ad716.compiler_builtins.89ae4299af4344f6-cgu.317.rcgu.o)
                                  0x8 (size before relaxing)
 .ARM.exidx.text.__aeabi_memclr4
                0x080045bc        0x0 ../../target/thumbv7em-none-eabihf/release//libferrite_ffi.a(compiler_builtins-e6acb5ff9d7ad716.compiler_builtins.89ae4299af4344f6-cgu.334.rcgu.o)
                                  0x8 (size before relaxing)
 .ARM.exidx.text.__aeabi_memmove8
                0x080045bc        0x0 ../../target/thumbv7em-none-eabihf/release//libferrite_ffi.a(compiler_builtins-e6acb5ff9d7ad716.compiler_builtins.89ae4299af4344f6-cgu.396.rcgu.o)
                                  0x8 (size before relaxing)
 .ARM.exidx.text.__aeabi_memclr
                0x080045bc        0x0 ../../target/thumbv7em-none-eabihf/release//libferrite_ffi.a(compiler_builtins-e6acb5ff9d7ad716.compiler_builtins.89ae4299af4344f6-cgu.407.rcgu.o)
                                  0x8 (size before relaxing)
 .ARM.exidx.text._ZN11ferrite_sdk6upload13UploadManager6upload17hc7097ccf18aa8aa6E
                0x080045bc        0x0 ../../target/thumbv7em-none-eabihf/release//libferrite_ffi.a(ferrite_ffi-b67230436546af3c.ferrite_ffi.ec52cb62cfb5bb37-cgu.0.rcgu.o)
                                  0x8 (size before relaxing)
 .ARM.exidx.text._ZN17compiler_builtins3mem6memcpy17h117a299571c5d8f7E
                0x080045bc        0x0 ../../target/thumbv7em-none-eabihf/release//libferrite_ffi.a(compiler_builtins-e6acb5ff9d7ad716.compiler_builtins.89ae4299af4344f6-cgu.012.rcgu.o)
                                  0x8 (size before relaxing)
 .ARM.exidx.text._ZN17compiler_builtins3mem7memmove17hbc163a730bc4033fE
                0x080045bc        0x0 ../../target/thumbv7em-none-eabihf/release//libferrite_ffi.a(compiler_builtins-e6acb5ff9d7ad716.compiler_builtins.89ae4299af4344f6-cgu.012.rcgu.o)
                                  0x8 (size before relaxing)
                0x080045bc                        __exidx_end = .
                0x080045bc                        _sidata = LOADADDR (.data)

.rel.dyn        0x080045bc        0x0
 .rel.iplt      0x080045bc        0x0 build/main.o

.data           0x20000000        0x4 load address 0x080045bc
                0x20000000                        . = ALIGN (0x4)
                0x20000000                        _sdata = .
 *(.data)
 *(.data*)
 .data._ZN11ferrite_sdk7metrics8TICKS_FN17hc6dd6725127c6e7aE
                0x20000000        0x4 ../../target/thumbv7em-none-eabihf/release//libferrite_ffi.a(ferrite_sdk-1b7e3b376f53f720.ferrite_sdk.56298e7a945a29db-cgu.0.rcgu.o)
                0x20000004                        . = ALIGN (0x4)
                0x20000004                        _edata = .

.igot.plt       0x20000004        0x0 load address 0x080045c0
 .igot.plt      0x20000004        0x0 build/main.o

.bss            0x20000008      0xaa0 load address 0x080045c0
                0x20000008                        . = ALIGN (0x4)
                0x20000008                        _sbss = .
                0x20000008                        __bss_start__ = _sbss
 *(.bss)
 *(.bss*)
 .bss._cs_saved_primask
                0x20000008        0x4 build/main.o
 .bss.systick_ms
                0x2000000c        0x4 build/system_stm32l4xx.o
                0x2000000c                systick_ms
 .bss..L_MergedGlobals
                0x20000010       0x24 ../../target/thumbv7em-none-eabihf/release//libferrite_ffi.a(ferrite_ffi-b67230436546af3c.ferrite_ffi.ec52cb62cfb5bb37-cgu.1.rcgu.o)
 *fill*         0x20000034        0x4 
 .bss._ZN11ferrite_sdk3sdk3SDK17h8ea64bee450c601cE
                0x20000038      0xa48 ../../target/thumbv7em-none-eabihf/release//libferrite_ffi.a(ferrite_sdk-1b7e3b376f53f720.ferrite_sdk.56298e7a945a29db-cgu.0.rcgu.o)
                0x20000038                ferrite_sdk::sdk::SDK
 .bss..L_MergedGlobals
                0x20000a80       0x28 ../../target/thumbv7em-none-eabihf/release//libferrite_ffi.a(ferrite_sdk-1b7e3b376f53f720.ferrite_sdk.56298e7a945a29db-cgu.0.rcgu.o)
 *(COMMON)
                0x20000aa8                        . = ALIGN (0x4)
                0x20000aa8                        _ebss = .
                0x20000aa8                        __bss_end__ = _ebss

._user_heap_stack
                0x20000aa8      0xc00 load address 0x080045c0
                0x20000aa8                        . = ALIGN (0x8)
                0x20000aa8                        PROVIDE (end = .)
                [!provide]                        PROVIDE (_end = .)
                0x20000ea8                        . = (. + _Min_Heap_Size)
 *fill*         0x20000aa8      0x400 
                0x200016a8                        . = (. + _Min_Stack_Size)
 *fill*         0x20000ea8      0x800 
                0x200016a8                        . = ALIGN (0x8)

.uninit.ferrite
                0x2004ff00       0xc0
                0x2004ff00                        . = ALIGN (0x4)
                0x2004ff00                        _ferrite_retained_start = .
 *(.uninit.ferrite)
 .uninit.ferrite
                0x2004ff00       0xc0 ../../target/thumbv7em-none-eabihf/release//libferrite_ffi.a(ferrite_sdk-1b7e3b376f53f720.ferrite_sdk.56298e7a945a29db-cgu.0.rcgu.o)
                0x2004ff00                ferrite_sdk::memory::RETAINED_BLOCK
                0x2004ffc0                        _ferrite_retained_end = .
                0x2004ffc0                        . = ALIGN (0x4)

/DISCARD/
 libc.a(*)
 libm.a(*)
 libgcc.a(*)

.ARM.attributes
                0x00000000       0x36
 *(.ARM.attributes)
 .ARM.attributes
                0x00000000       0x22 /usr/lib/gcc/arm-none-eabi/15.2.0/thumb/v7e-m+fp/hard/crti.o
 .ARM.attributes
                0x00000022       0x34 build/main.o
 .ARM.attributes
                0x00000056       0x34 build/system_stm32l4xx.o
 .ARM.attributes
                0x0000008a       0x21 build/startup_stm32l4a6xx.o
 .ARM.attributes
                0x000000ab       0x3a ../../target/thumbv7em-none-eabihf/release//libferrite_ffi.a(ferrite_ffi-b67230436546af3c.ferrite_ffi.ec52cb62cfb5bb37-cgu.1.rcgu.o)
 .ARM.attributes
                0x000000e5       0x3a ../../target/thumbv7em-none-eabihf/release//libferrite_ffi.a(ferrite_sdk-1b7e3b376f53f720.ferrite_sdk.56298e7a945a29db-cgu.0.rcgu.o)
 .ARM.attributes
                0x0000011f       0x38 ../../target/thumbv7em-none-eabihf/release//libferrite_ffi.a(core-ca098e4d926fa7ef.core.6dcd32f20f643d2d-cgu.0.rcgu.o)
 .ARM.attributes
                0x00000157       0x3a ../../target/thumbv7em-none-eabihf/release//libferrite_ffi.a(compiler_builtins-e6acb5ff9d7ad716.compiler_builtins.89ae4299af4344f6-cgu.107.rcgu.o)
 .ARM.attributes
                0x00000191       0x3a ../../target/thumbv7em-none-eabihf/release//libferrite_ffi.a(compiler_builtins-e6acb5ff9d7ad716.compiler_builtins.89ae4299af4344f6-cgu.135.rcgu.o)
 .ARM.attributes
                0x000001cb       0x3a ../../target/thumbv7em-none-eabihf/release//libferrite_ffi.a(compiler_builtins-e6acb5ff9d7ad716.compiler_builtins.89ae4299af4344f6-cgu.164.rcgu.o)
 .ARM.attributes
                0x00000205       0x3a ../../target/thumbv7em-none-eabihf/release//libferrite_ffi.a(compiler_builtins-e6acb5ff9d7ad716.compiler_builtins.89ae4299af4344f6-cgu.194.rcgu.o)
 .ARM.attributes
                0x0000023f       0x3a ../../target/thumbv7em-none-eabihf/release//libferrite_ffi.a(compiler_builtins-e6acb5ff9d7ad716.compiler_builtins.89ae4299af4344f6-cgu.317.rcgu.o)
 .ARM.attributes
                0x00000279       0x3a ../../target/thumbv7em-none-eabihf/release//libferrite_ffi.a(compiler_builtins-e6acb5ff9d7ad716.compiler_builtins.89ae4299af4344f6-cgu.334.rcgu.o)
 .ARM.attributes
                0x000002b3       0x3a ../../target/thumbv7em-none-eabihf/release//libferrite_ffi.a(compiler_builtins-e6acb5ff9d7ad716.compiler_builtins.89ae4299af4344f6-cgu.396.rcgu.o)
 .ARM.attributes
                0x000002ed       0x3a ../../target/thumbv7em-none-eabihf/release//libferrite_ffi.a(compiler_builtins-e6acb5ff9d7ad716.compiler_builtins.89ae4299af4344f6-cgu.407.rcgu.o)
 .ARM.attributes
                0x00000327       0x3a ../../target/thumbv7em-none-eabihf/release//libferrite_ffi.a(ferrite_ffi-b67230436546af3c.ferrite_ffi.ec52cb62cfb5bb37-cgu.0.rcgu.o)
 .ARM.attributes
                0x00000361       0x3a ../../target/thumbv7em-none-eabihf/release//libferrite_ffi.a(compiler_builtins-e6acb5ff9d7ad716.compiler_builtins.89ae4299af4344f6-cgu.012.rcgu.o)
 .ARM.attributes
                0x0000039b       0x22 /usr/lib/gcc/arm-none-eabi/15.2.0/thumb/v7e-m+fp/hard/crtn.o
OUTPUT(build/firmware.elf elf32-littlearm)
LOAD linker stubs
LOAD /usr/lib/gcc/arm-none-eabi/15.2.0/../../../../arm-none-eabi/lib/thumb/v7e-m+fp/hard/libc.a
LOAD /usr/lib/gcc/arm-none-eabi/15.2.0/../../../../arm-none-eabi/lib/thumb/v7e-m+fp/hard/libm.a
LOAD /usr/lib/gcc/arm-none-eabi/15.2.0/thumb/v7e-m+fp/hard/libgcc.a

.debug_info     0x00000000    0x22c52
 .debug_info    0x00000000      0xa46 build/main.o
 .debug_info    0x00000a46       0xff build/system_stm32l4xx.o
 .debug_info    0x00000b45       0x30 build/startup_stm32l4a6xx.o
 .debug_info    0x00000b75    0x20a69 ../../target/thumbv7em-none-eabihf/release//libferrite_ffi.a(core-ca098e4d926fa7ef.core.6dcd32f20f643d2d-cgu.0.rcgu.o)
 .debug_info    0x000215de       0x86 ../../target/thumbv7em-none-eabihf/release//libferrite_ffi.a(compiler_builtins-e6acb5ff9d7ad716.compiler_builtins.89ae4299af4344f6-cgu.107.rcgu.o)
 .debug_info    0x00021664       0x8e ../../target/thumbv7em-none-eabihf/release//libferrite_ffi.a(compiler_builtins-e6acb5ff9d7ad716.compiler_builtins.89ae4299af4344f6-cgu.135.rcgu.o)
 .debug_info    0x000216f2       0x95 ../../target/thumbv7em-none-eabihf/release//libferrite_ffi.a(compiler_builtins-e6acb5ff9d7ad716.compiler_builtins.89ae4299af4344f6-cgu.164.rcgu.o)
 .debug_info    0x00021787      0x105 ../../target/thumbv7em-none-eabihf/release//libferrite_ffi.a(compiler_builtins-e6acb5ff9d7ad716.compiler_builtins.89ae4299af4344f6-cgu.194.rcgu.o)
 .debug_info    0x0002188c      0x1fa ../../target/thumbv7em-none-eabihf/release//libferrite_ffi.a(compiler_builtins-e6acb5ff9d7ad716.compiler_builtins.89ae4299af4344f6-cgu.317.rcgu.o)
 .debug_info    0x00021a86      0x1fa ../../target/thumbv7em-none-eabihf/release//libferrite_ffi.a(compiler_builtins-e6acb5ff9d7ad716.compiler_builtins.89ae4299af4344f6-cgu.334.rcgu.o)
 .debug_info    0x00021c80       0xb3 ../../target/thumbv7em-none-eabihf/release//libferrite_ffi.a(compiler_builtins-e6acb5ff9d7ad716.compiler_builtins.89ae4299af4344f6-cgu.396.rcgu.o)
 .debug_info    0x00021d33      0x2d0 ../../target/thumbv7em-none-eabihf/release//libferrite_ffi.a(compiler_builtins-e6acb5ff9d7ad716.compiler_builtins.89ae4299af4344f6-cgu.407.rcgu.o)
 .debug_info    0x00022003      0xc4f ../../target/thumbv7em-none-eabihf/release//libferrite_ffi.a(compiler_builtins-e6acb5ff9d7ad716.compiler_builtins.89ae4299af4344f6-cgu.012.rcgu.o)

.debug_abbrev   0x00000000      0xccb
 .debug_abbrev  0x00000000      0x3a5 build/main.o
 .debug_abbrev  0x000003a5       0x90 build/system_stm32l4xx.o
 .debug_abbrev  0x00000435       0x24 build/startup_stm32l4a6xx.o
 .debug_abbrev  0x00000459      0x312 ../../target/thumbv7em-none-eabihf/release//libferrite_ffi.a(core-ca098e4d926fa7ef.core.6dcd32f20f643d2d-cgu.0.rcgu.o)
 .debug_abbrev  0x0000076b       0x5b ../../target/thumbv7em-none-eabihf/release//libferrite_ffi.a(compiler_builtins-e6acb5ff9d7ad716.compiler_builtins.89ae4299af4344f6-cgu.107.rcgu.o)
 .debug_abbrev  0x000007c6       0x5f ../../target/thumbv7em-none-eabihf/release//libferrite_ffi.a(compiler_builtins-e6acb5ff9d7ad716.compiler_builtins.89ae4299af4344f6-cgu.135.rcgu.o)
 .debug_abbrev  0x00000825       0x5f ../../target/thumbv7em-none-eabihf/release//libferrite_ffi.a(compiler_builtins-e6acb5ff9d7ad716.compiler_builtins.89ae4299af4344f6-cgu.164.rcgu.o)
 .debug_abbrev  0x00000884       0x7d ../../target/thumbv7em-none-eabihf/release//libferrite_ffi.a(compiler_builtins-e6acb5ff9d7ad716.compiler_builtins.89ae4299af4344f6-cgu.194.rcgu.o)
 .debug_abbrev  0x00000901       0xb2 ../../target/thumbv7em-none-eabihf/release//libferrite_ffi.a(compiler_builtins-e6acb5ff9d7ad716.compiler_builtins.89ae4299af4344f6-cgu.317.rcgu.o)
 .debug_abbrev  0x000009b3       0xb2 ../../target/thumbv7em-none-eabihf/release//libferrite_ffi.a(compiler_builtins-e6acb5ff9d7ad716.compiler_builtins.89ae4299af4344f6-cgu.334.rcgu.o)
 .debug_abbrev  0x00000a65       0x70 ../../target/thumbv7em-none-eabihf/release//libferrite_ffi.a(compiler_builtins-e6acb5ff9d7ad716.compiler_builtins.89ae4299af4344f6-cgu.396.rcgu.o)
 .debug_abbrev  0x00000ad5       0xc5 ../../target/thumbv7em-none-eabihf/release//libferrite_ffi.a(compiler_builtins-e6acb5ff9d7ad716.compiler_builtins.89ae4299af4344f6-cgu.407.rcgu.o)
 .debug_abbrev  0x00000b9a      0x131 ../../target/thumbv7em-none-eabihf/release//libferrite_ffi.a(compiler_builtins-e6acb5ff9d7ad716.compiler_builtins.89ae4299af4344f6-cgu.012.rcgu.o)

.debug_loclists
                0x00000000      0x1f4
 .debug_loclists
                0x00000000      0x1f4 build/main.o

.debug_aranges  0x00000000     0x1240
 .debug_aranges
                0x00000000       0x48 build/main.o
 .debug_aranges
                0x00000048       0x30 build/system_stm32l4xx.o
 .debug_aranges
                0x00000078       0x28 build/startup_stm32l4a6xx.o
 .debug_aranges
                0x000000a0     0x1070 ../../target/thumbv7em-none-eabihf/release//libferrite_ffi.a(core-ca098e4d926fa7ef.core.6dcd32f20f643d2d-cgu.0.rcgu.o)
 .debug_aranges
                0x00001110       0x20 ../../target/thumbv7em-none-eabihf/release//libferrite_ffi.a(compiler_builtins-e6acb5ff9d7ad716.compiler_builtins.89ae4299af4344f6-cgu.107.rcgu.o)
 .debug_aranges
                0x00001130       0x20 ../../target/thumbv7em-none-eabihf/release//libferrite_ffi.a(compiler_builtins-e6acb5ff9d7ad716.compiler_builtins.89ae4299af4344f6-cgu.135.rcgu.o)
 .debug_aranges
                0x00001150       0x20 ../../target/thumbv7em-none-eabihf/release//libferrite_ffi.a(compiler_builtins-e6acb5ff9d7ad716.compiler_builtins.89ae4299af4344f6-cgu.164.rcgu.o)
 .debug_aranges
                0x00001170       0x20 ../../target/thumbv7em-none-eabihf/release//libferrite_ffi.a(compiler_builtins-e6acb5ff9d7ad716.compiler_builtins.89ae4299af4344f6-cgu.194.rcgu.o)
 .debug_aranges
                0x00001190       0x20 ../../target/thumbv7em-none-eabihf/release//libferrite_ffi.a(compiler_builtins-e6acb5ff9d7ad716.compiler_builtins.89ae4299af4344f6-cgu.317.rcgu.o)
 .debug_aranges
                0x000011b0       0x20 ../../target/thumbv7em-none-eabihf/release//libferrite_ffi.a(compiler_builtins-e6acb5ff9d7ad716.compiler_builtins.89ae4299af4344f6-cgu.334.rcgu.o)
 .debug_aranges
                0x000011d0       0x20 ../../target/thumbv7em-none-eabihf/release//libferrite_ffi.a(compiler_builtins-e6acb5ff9d7ad716.compiler_builtins.89ae4299af4344f6-cgu.396.rcgu.o)
 .debug_aranges
                0x000011f0       0x20 ../../target/thumbv7em-none-eabihf/release//libferrite_ffi.a(compiler_builtins-e6acb5ff9d7ad716.compiler_builtins.89ae4299af4344f6-cgu.407.rcgu.o)
 .debug_aranges
                0x00001210       0x30 ../../target/thumbv7em-none-eabihf/release//libferrite_ffi.a(compiler_builtins-e6acb5ff9d7ad716.compiler_builtins.89ae4299af4344f6-cgu.012.rcgu.o)

.debug_rnglists
                0x00000000      0x126
 .debug_rnglists
                0x00000000       0xed build/main.o
 .debug_rnglists
                0x000000ed       0x20 build/system_stm32l4xx.o
 .debug_rnglists
                0x0000010d       0x19 build/startup_stm32l4a6xx.o

.debug_line     0x00000000    0x2014b
 .debug_line    0x00000000      0x5a5 build/main.o
 .debug_line    0x000005a5      0x1db build/system_stm32l4xx.o
 .debug_line    0x00000780       0x77 build/startup_stm32l4a6xx.o
 .debug_line    0x000007f7    0x1de25 ../../target/thumbv7em-none-eabihf/release//libferrite_ffi.a(core-ca098e4d926fa7ef.core.6dcd32f20f643d2d-cgu.0.rcgu.o)
 .debug_line    0x0001e61c      0x101 ../../target/thumbv7em-none-eabihf/release//libferrite_ffi.a(compiler_builtins-e6acb5ff9d7ad716.compiler_builtins.89ae4299af4344f6-cgu.107.rcgu.o)
 .debug_line    0x0001e71d       0xee ../../target/thumbv7em-none-eabihf/release//libferrite_ffi.a(compiler_builtins-e6acb5ff9d7ad716.compiler_builtins.89ae4299af4344f6-cgu.135.rcgu.o)
 .debug_line    0x0001e80b       0xda ../../target/thumbv7em-none-eabihf/release//libferrite_ffi.a(compiler_builtins-e6acb5ff9d7ad716.compiler_builtins.89ae4299af4344f6-cgu.164.rcgu.o)
 .debug_line    0x0001e8e5      0x1f1 ../../target/thumbv7em-none-eabihf/release//libferrite_ffi.a(compiler_builtins-e6acb5ff9d7ad716.compiler_builtins.89ae4299af4344f6-cgu.194.rcgu.o)
 .debug_line    0x0001ead6      0x310 ../../target/thumbv7em-none-eabihf/release//libferrite_ffi.a(compiler_builtins-e6acb5ff9d7ad716.compiler_builtins.89ae4299af4344f6-cgu.317.rcgu.o)
 .debug_line    0x0001ede6      0x310 ../../target/thumbv7em-none-eabihf/release//libferrite_ffi.a(compiler_builtins-e6acb5ff9d7ad716.compiler_builtins.89ae4299af4344f6-cgu.334.rcgu.o)
 .debug_line    0x0001f0f6       0xda ../../target/thumbv7em-none-eabihf/release//libferrite_ffi.a(compiler_builtins-e6acb5ff9d7ad716.compiler_builtins.89ae4299af4344f6-cgu.396.rcgu.o)
 .debug_line    0x0001f1d0      0x3b3 ../../target/thumbv7em-none-eabihf/release//libferrite_ffi.a(compiler_builtins-e6acb5ff9d7ad716.compiler_builtins.89ae4299af4344f6-cgu.407.rcgu.o)
 .debug_line    0x0001f583      0xbc8 ../../target/thumbv7em-none-eabihf/release//libferrite_ffi.a(compiler_builtins-e6acb5ff9d7ad716.compiler_builtins.89ae4299af4344f6-cgu.012.rcgu.o)

.debug_str      0x00000000    0x3bf00
 .debug_str     0x00000000    0x3bf00 build/main.o
                                0x5b7 (size before relaxing)
 .debug_str     0x0003bf00        0x0 build/system_stm32l4xx.o
                                0x1d2 (size before relaxing)
 .debug_str     0x0003bf00        0x0 build/startup_stm32l4a6xx.o
                                 0x6b (size before relaxing)
 .debug_str     0x0003bf00        0x0 ../../target/thumbv7em-none-eabihf/release//libferrite_ffi.a(core-ca098e4d926fa7ef.core.6dcd32f20f643d2d-cgu.0.rcgu.o)
                              0x3a6b1 (size before relaxing)
 .debug_str     0x0003bf00        0x0 ../../target/thumbv7em-none-eabihf/release//libferrite_ffi.a(compiler_builtins-e6acb5ff9d7ad716.compiler_builtins.89ae4299af4344f6-cgu.107.rcgu.o)
                                0x1a8 (size before relaxing)
 .debug_str     0x0003bf00        0x0 ../../target/thumbv7em-none-eabihf/release//libferrite_ffi.a(compiler_builtins-e6acb5ff9d7ad716.compiler_builtins.89ae4299af4344f6-cgu.135.rcgu.o)
                                0x1ac (size before relaxing)
 .debug_str     0x0003bf00        0x0 ../../target/thumbv7em-none-eabihf/release//libferrite_ffi.a(compiler_builtins-e6acb5ff9d7ad716.compiler_builtins.89ae4299af4344f6-cgu.164.rcgu.o)
                                0x1f5 (size before relaxing)
 .debug_str     0x0003bf00        0x0 ../../target/thumbv7em-none-eabihf/release//libferrite_ffi.a(compiler_builtins-e6acb5ff9d7ad716.compiler_builtins.89ae4299af4344f6-cgu.194.rcgu.o)
                                0x31b (size before relaxing)
 .debug_str     0x0003bf00        0x0 ../../target/thumbv7em-none-eabihf/release//libferrite_ffi.a(compiler_builtins-e6acb5ff9d7ad716.compiler_builtins.89ae4299af4344f6-cgu.317.rcgu.o)
                                0x568 (size before relaxing)
 .debug_str     0x0003bf00        0x0 ../../target/thumbv7em-none-eabihf/release//libferrite_ffi.a(compiler_builtins-e6acb5ff9d7ad716.compiler_builtins.89ae4299af4344f6-cgu.334.rcgu.o)
                                0x568 (size before relaxing)
 .debug_str     0x0003bf00        0x0 ../../target/thumbv7em-none-eabihf/release//libferrite_ffi.a(compiler_builtins-e6acb5ff9d7ad716.compiler_builtins.89ae4299af4344f6-cgu.396.rcgu.o)
                                0x249 (size before relaxing)
 .debug_str     0x0003bf00        0x0 ../../target/thumbv7em-none-eabihf/release//libferrite_ffi.a(compiler_builtins-e6acb5ff9d7ad716.compiler_builtins.89ae4299af4344f6-cgu.407.rcgu.o)
                                0x613 (size before relaxing)
 .debug_str     0x0003bf00        0x0 ../../target/thumbv7em-none-eabihf/release//libferrite_ffi.a(compiler_builtins-e6acb5ff9d7ad716.compiler_builtins.89ae4299af4344f6-cgu.012.rcgu.o)
                                0xe7e (size before relaxing)

.comment        0x00000000       0x4f
 .comment       0x00000000       0x4f build/main.o
                                 0x24 (size before relaxing)
 .comment       0x0000004f        0x0 build/system_stm32l4xx.o
                                 0x24 (size before relaxing)
 .comment       0x0000004f        0x0 ../../target/thumbv7em-none-eabihf/release//libferrite_ffi.a(ferrite_ffi-b67230436546af3c.ferrite_ffi.ec52cb62cfb5bb37-cgu.1.rcgu.o)
                                 0x2d (size before relaxing)
 .comment       0x0000004f        0x0 ../../target/thumbv7em-none-eabihf/release//libferrite_ffi.a(ferrite_sdk-1b7e3b376f53f720.ferrite_sdk.56298e7a945a29db-cgu.0.rcgu.o)
                                 0x2d (size before relaxing)
 .comment       0x0000004f        0x0 ../../target/thumbv7em-none-eabihf/release//libferrite_ffi.a(core-ca098e4d926fa7ef.core.6dcd32f20f643d2d-cgu.0.rcgu.o)
                                 0x2d (size before relaxing)
 .comment       0x0000004f        0x0 ../../target/thumbv7em-none-eabihf/release//libferrite_ffi.a(compiler_builtins-e6acb5ff9d7ad716.compiler_builtins.89ae4299af4344f6-cgu.107.rcgu.o)
                                 0x2d (size before relaxing)
 .comment       0x0000004f        0x0 ../../target/thumbv7em-none-eabihf/release//libferrite_ffi.a(compiler_builtins-e6acb5ff9d7ad716.compiler_builtins.89ae4299af4344f6-cgu.135.rcgu.o)
                                 0x2d (size before relaxing)
 .comment       0x0000004f        0x0 ../../target/thumbv7em-none-eabihf/release//libferrite_ffi.a(compiler_builtins-e6acb5ff9d7ad716.compiler_builtins.89ae4299af4344f6-cgu.164.rcgu.o)
                                 0x2d (size before relaxing)
 .comment       0x0000004f        0x0 ../../target/thumbv7em-none-eabihf/release//libferrite_ffi.a(compiler_builtins-e6acb5ff9d7ad716.compiler_builtins.89ae4299af4344f6-cgu.194.rcgu.o)
                                 0x2d (size before relaxing)
 .comment       0x0000004f        0x0 ../../target/thumbv7em-none-eabihf/release//libferrite_ffi.a(compiler_builtins-e6acb5ff9d7ad716.compiler_builtins.89ae4299af4344f6-cgu.317.rcgu.o)
                                 0x2d (size before relaxing)
 .comment       0x0000004f        0x0 ../../target/thumbv7em-none-eabihf/release//libferrite_ffi.a(compiler_builtins-e6acb5ff9d7ad716.compiler_builtins.89ae4299af4344f6-cgu.334.rcgu.o)
                                 0x2d (size before relaxing)
 .comment       0x0000004f        0x0 ../../target/thumbv7em-none-eabihf/release//libferrite_ffi.a(compiler_builtins-e6acb5ff9d7ad716.compiler_builtins.89ae4299af4344f6-cgu.396.rcgu.o)
                                 0x2d (size before relaxing)
 .comment       0x0000004f        0x0 ../../target/thumbv7em-none-eabihf/release//libferrite_ffi.a(compiler_builtins-e6acb5ff9d7ad716.compiler_builtins.89ae4299af4344f6-cgu.407.rcgu.o)
                                 0x2d (size before relaxing)
 .comment       0x0000004f        0x0 ../../target/thumbv7em-none-eabihf/release//libferrite_ffi.a(ferrite_ffi-b67230436546af3c.ferrite_ffi.ec52cb62cfb5bb37-cgu.0.rcgu.o)
                                 0x2d (size before relaxing)
 .comment       0x0000004f        0x0 ../../target/thumbv7em-none-eabihf/release//libferrite_ffi.a(compiler_builtins-e6acb5ff9d7ad716.compiler_builtins.89ae4299af4344f6-cgu.012.rcgu.o)
                                 0x2d (size before relaxing)

.note.GNU-stack
                0x00000000        0x0
 .note.GNU-stack
                0x00000000        0x0 ../../target/thumbv7em-none-eabihf/release//libferrite_ffi.a(ferrite_ffi-b67230436546af3c.ferrite_ffi.ec52cb62cfb5bb37-cgu.1.rcgu.o)
 .note.GNU-stack
                0x00000000        0x0 ../../target/thumbv7em-none-eabihf/release//libferrite_ffi.a(ferrite_sdk-1b7e3b376f53f720.ferrite_sdk.56298e7a945a29db-cgu.0.rcgu.o)
 .note.GNU-stack
                0x00000000        0x0 ../../target/thumbv7em-none-eabihf/release//libferrite_ffi.a(core-ca098e4d926fa7ef.core.6dcd32f20f643d2d-cgu.0.rcgu.o)
 .note.GNU-stack
                0x00000000        0x0 ../../target/thumbv7em-none-eabihf/release//libferrite_ffi.a(compiler_builtins-e6acb5ff9d7ad716.compiler_builtins.89ae4299af4344f6-cgu.107.rcgu.o)
 .note.GNU-stack
                0x00000000        0x0 ../../target/thumbv7em-none-eabihf/release//libferrite_ffi.a(compiler_builtins-e6acb5ff9d7ad716.compiler_builtins.89ae4299af4344f6-cgu.135.rcgu.o)
 .note.GNU-stack
                0x00000000        0x0 ../../target/thumbv7em-none-eabihf/release//libferrite_ffi.a(compiler_builtins-e6acb5ff9d7ad716.compiler_builtins.89ae4299af4344f6-cgu.164.rcgu.o)
 .note.GNU-stack
                0x00000000        0x0 ../../target/thumbv7em-none-eabihf/release//libferrite_ffi.a(compiler_builtins-e6acb5ff9d7ad716.compiler_builtins.89ae4299af4344f6-cgu.194.rcgu.o)
 .note.GNU-stack
                0x00000000        0x0 ../../target/thumbv7em-none-eabihf/release//libferrite_ffi.a(compiler_builtins-e6acb5ff9d7ad716.compiler_builtins.89ae4299af4344f6-cgu.317.rcgu.o)
 .note.GNU-stack
                0x00000000        0x0 ../../target/thumbv7em-none-eabihf/release//libferrite_ffi.a(compiler_builtins-e6acb5ff9d7ad716.compiler_builtins.89ae4299af4344f6-cgu.334.rcgu.o)
 .note.GNU-stack
                0x00000000        0x0 ../../target/thumbv7em-none-eabihf/release//libferrite_ffi.a(compiler_builtins-e6acb5ff9d7ad716.compiler_builtins.89ae4299af4344f6-cgu.396.rcgu.o)
 .note.GNU-stack
                0x00000000        0x0 ../../target/thumbv7em-none-eabihf/release//libferrite_ffi.a(compiler_builtins-e6acb5ff9d7ad716.compiler_builtins.89ae4299af4344f6-cgu.407.rcgu.o)
 .note.GNU-stack
                0x00000000        0x0 ../../target/thumbv7em-none-eabihf/release//libferrite_ffi.a(ferrite_ffi-b67230436546af3c.ferrite_ffi.ec52cb62cfb5bb37-cgu.0.rcgu.o)
 .note.GNU-stack
                0x00000000        0x0 ../../target/thumbv7em-none-eabihf/release//libferrite_ffi.a(compiler_builtins-e6acb5ff9d7ad716.compiler_builtins.89ae4299af4344f6-cgu.012.rcgu.o)

.debug_frame    0x00000000     0x46c8
 .debug_frame   0x00000000       0x88 build/main.o
 .debug_frame   0x00000088       0x40 build/system_stm32l4xx.o
 .debug_frame   0x000000c8       0x24 ../../target/thumbv7em-none-eabihf/release//libferrite_ffi.a(ferrite_sdk-1b7e3b376f53f720.ferrite_sdk.56298e7a945a29db-cgu.0.rcgu.o)
 .debug_frame   0x000000ec     0x43bc ../../target/thumbv7em-none-eabihf/release//libferrite_ffi.a(core-ca098e4d926fa7ef.core.6dcd32f20f643d2d-cgu.0.rcgu.o)
 .debug_frame   0x000044a8       0x3c ../../target/thumbv7em-none-eabihf/release//libferrite_ffi.a(compiler_builtins-e6acb5ff9d7ad716.compiler_builtins.89ae4299af4344f6-cgu.107.rcgu.o)
 .debug_frame   0x000044e4       0x30 ../../target/thumbv7em-none-eabihf/release//libferrite_ffi.a(compiler_builtins-e6acb5ff9d7ad716.compiler_builtins.89ae4299af4344f6-cgu.135.rcgu.o)
 .debug_frame   0x00004514       0x30 ../../target/thumbv7em-none-eabihf/release//libferrite_ffi.a(compiler_builtins-e6acb5ff9d7ad716.compiler_builtins.89ae4299af4344f6-cgu.164.rcgu.o)
 .debug_frame   0x00004544       0x34 ../../target/thumbv7em-none-eabihf/release//libferrite_ffi.a(compiler_builtins-e6acb5ff9d7ad716.compiler_builtins.89ae4299af4344f6-cgu.194.rcgu.o)
 .debug_frame   0x00004578       0x30 ../../target/thumbv7em-none-eabihf/release//libferrite_ffi.a(compiler_builtins-e6acb5ff9d7ad716.compiler_builtins.89ae4299af4344f6-cgu.317.rcgu.o)
 .debug_frame   0x000045a8       0x30 ../../target/thumbv7em-none-eabihf/release//libferrite_ffi.a(compiler_builtins-e6acb5ff9d7ad716.compiler_builtins.89ae4299af4344f6-cgu.334.rcgu.o)
 .debug_frame   0x000045d8       0x30 ../../target/thumbv7em-none-eabihf/release//libferrite_ffi.a(compiler_builtins-e6acb5ff9d7ad716.compiler_builtins.89ae4299af4344f6-cgu.396.rcgu.o)
 .debug_frame   0x00004608       0x34 ../../target/thumbv7em-none-eabihf/release//libferrite_ffi.a(compiler_builtins-e6acb5ff9d7ad716.compiler_builtins.89ae4299af4344f6-cgu.407.rcgu.o)
 .debug_frame   0x0000463c       0x8c ../../target/thumbv7em-none-eabihf/release//libferrite_ffi.a(compiler_builtins-e6acb5ff9d7ad716.compiler_builtins.89ae4299af4344f6-cgu.012.rcgu.o)

.debug_line_str
                0x00000000       0x51
 .debug_line_str
                0x00000000       0x51 build/startup_stm32l4a6xx.o

.debug_ranges   0x00000000    0x10c08
 .debug_ranges  0x00000000    0x106a0 ../../target/thumbv7em-none-eabihf/release//libferrite_ffi.a(core-ca098e4d926fa7ef.core.6dcd32f20f643d2d-cgu.0.rcgu.o)
 .debug_ranges  0x000106a0       0x18 ../../target/thumbv7em-none-eabihf/release//libferrite_ffi.a(compiler_builtins-e6acb5ff9d7ad716.compiler_builtins.89ae4299af4344f6-cgu.107.rcgu.o)
 .debug_ranges  0x000106b8       0x48 ../../target/thumbv7em-none-eabihf/release//libferrite_ffi.a(compiler_builtins-e6acb5ff9d7ad716.compiler_builtins.89ae4299af4344f6-cgu.194.rcgu.o)
 .debug_ranges  0x00010700       0x48 ../../target/thumbv7em-none-eabihf/release//libferrite_ffi.a(compiler_builtins-e6acb5ff9d7ad716.compiler_builtins.89ae4299af4344f6-cgu.317.rcgu.o)
 .debug_ranges  0x00010748       0x48 ../../target/thumbv7em-none-eabihf/release//libferrite_ffi.a(compiler_builtins-e6acb5ff9d7ad716.compiler_builtins.89ae4299af4344f6-cgu.334.rcgu.o)
 .debug_ranges  0x00010790       0x30 ../../target/thumbv7em-none-eabihf/release//libferrite_ffi.a(compiler_builtins-e6acb5ff9d7ad716.compiler_builtins.89ae4299af4344f6-cgu.407.rcgu.o)
 .debug_ranges  0x000107c0      0x448 ../../target/thumbv7em-none-eabihf/release//libferrite_ffi.a(compiler_builtins-e6acb5ff9d7ad716.compiler_builtins.89ae4299af4344f6-cgu.012.rcgu.o)
